QA output created by 026

=== Test out large ACLs  ===
1 below acl max
acl max
1 above acl max
chacl: cannot set access acl on "largeaclfile": Argument list too long
use 16 aces
use 17 aces
