QA output created by 055
*** init FS

*** mkfs ***


*** mount ***


*** calling fsstress -p 4 -z -f rmdir=10 -f link=10 -f creat=10 -f mkdir=10            -f rename=30 -f stat=30 -f unlink=30 -f truncate=20 -m8 -n 10000 ***


*** ls -RF SCRATCH_MNT ***


*** godown ***


*** unmount ***


*** logprint after going down... ***

dirty log

*** mount with replay ***


*** ls -RF SCRATCH_MNT ***


*** diff ls before and after ***

Files TMP.ls1 and TMP.ls2 are identical

*** unmount ***


*** logprint after mount and replay... ***

clean log

*** filesystem is checked ok ***


*** mkfs ***


*** mount ***


*** calling fsstress -p 4 -z -f rmdir=10 -f link=10 -f creat=10 -f mkdir=10            -f rename=30 -f stat=30 -f unlink=30 -f truncate=20 -m8 -n 10000 ***


*** ls -RF SCRATCH_MNT ***


*** godown ***


*** unmount ***


*** logprint after going down... ***

dirty log

*** mount with replay ***


*** ls -RF SCRATCH_MNT ***


*** diff ls before and after ***

Files TMP.ls1 and TMP.ls2 are identical

*** unmount ***


*** logprint after mount and replay... ***

clean log

*** filesystem is checked ok ***


*** mkfs ***


*** mount ***


*** calling fsstress -p 4 -z -f rmdir=10 -f link=10 -f creat=10 -f mkdir=10            -f rename=30 -f stat=30 -f unlink=30 -f truncate=20 -m8 -n 10000 ***


*** ls -RF SCRATCH_MNT ***


*** godown ***


*** unmount ***


*** logprint after going down... ***

dirty log

*** mount with replay ***


*** ls -RF SCRATCH_MNT ***


*** diff ls before and after ***

Files TMP.ls1 and TMP.ls2 are identical

*** unmount ***


*** logprint after mount and replay... ***

clean log

*** filesystem is checked ok ***


*** mkfs ***


*** mount ***


*** calling fsstress -p 4 -z -f rmdir=10 -f link=10 -f creat=10 -f mkdir=10            -f rename=30 -f stat=30 -f unlink=30 -f truncate=20 -m8 -n 10000 ***


*** ls -RF SCRATCH_MNT ***


*** godown ***


*** unmount ***


*** logprint after going down... ***

dirty log

*** mount with replay ***


*** ls -RF SCRATCH_MNT ***


*** diff ls before and after ***

Files TMP.ls1 and TMP.ls2 are identical

*** unmount ***


*** logprint after mount and replay... ***

clean log

*** filesystem is checked ok ***


*** mkfs ***


*** mount ***


*** calling fsstress -p 4 -z -f rmdir=10 -f link=10 -f creat=10 -f mkdir=10            -f rename=30 -f stat=30 -f unlink=30 -f truncate=20 -m8 -n 10000 ***


*** ls -RF SCRATCH_MNT ***


*** godown ***


*** unmount ***


*** logprint after going down... ***

dirty log

*** mount with replay ***


*** ls -RF SCRATCH_MNT ***


*** diff ls before and after ***

Files TMP.ls1 and TMP.ls2 are identical

*** unmount ***


*** logprint after mount and replay... ***

clean log

*** filesystem is checked ok ***


*** mkfs ***


*** mount ***


*** calling fsstress -p 4 -z -f rmdir=10 -f link=10 -f creat=10 -f mkdir=10            -f rename=30 -f stat=30 -f unlink=30 -f truncate=20 -m8 -n 10000 ***


*** ls -RF SCRATCH_MNT ***


*** godown ***


*** unmount ***


*** logprint after going down... ***

dirty log

*** mount with replay ***


*** ls -RF SCRATCH_MNT ***


*** diff ls before and after ***

Files TMP.ls1 and TMP.ls2 are identical

*** unmount ***


*** logprint after mount and replay... ***

clean log

*** filesystem is checked ok ***


*** mkfs ***


*** mount ***


*** calling fsstress -p 4 -z -f rmdir=10 -f link=10 -f creat=10 -f mkdir=10            -f rename=30 -f stat=30 -f unlink=30 -f truncate=20 -m8 -n 10000 ***


*** ls -RF SCRATCH_MNT ***


*** godown ***


*** unmount ***


*** logprint after going down... ***

dirty log

*** mount with replay ***


*** ls -RF SCRATCH_MNT ***


*** diff ls before and after ***

Files TMP.ls1 and TMP.ls2 are identical

*** unmount ***


*** logprint after mount and replay... ***

clean log

*** filesystem is checked ok ***


*** mkfs ***


*** mount ***


*** calling fsstress -p 4 -z -f rmdir=10 -f link=10 -f creat=10 -f mkdir=10            -f rename=30 -f stat=30 -f unlink=30 -f truncate=20 -m8 -n 10000 ***


*** ls -RF SCRATCH_MNT ***


*** godown ***


*** unmount ***


*** logprint after going down... ***

dirty log

*** mount with replay ***


*** ls -RF SCRATCH_MNT ***


*** diff ls before and after ***

Files TMP.ls1 and TMP.ls2 are identical

*** unmount ***


*** logprint after mount and replay... ***

clean log

*** filesystem is checked ok ***


*** mkfs ***


*** mount ***


*** calling fsstress -p 4 -z -f rmdir=10 -f link=10 -f creat=10 -f mkdir=10            -f rename=30 -f stat=30 -f unlink=30 -f truncate=20 -m8 -n 10000 ***


*** ls -RF SCRATCH_MNT ***


*** godown ***


*** unmount ***


*** logprint after going down... ***

dirty log

*** mount with replay ***


*** ls -RF SCRATCH_MNT ***


*** diff ls before and after ***

Files TMP.ls1 and TMP.ls2 are identical

*** unmount ***


*** logprint after mount and replay... ***

clean log

*** filesystem is checked ok ***


*** mkfs ***


*** mount ***


*** calling fsstress -p 4 -z -f rmdir=10 -f link=10 -f creat=10 -f mkdir=10            -f rename=30 -f stat=30 -f unlink=30 -f truncate=20 -m8 -n 10000 ***


*** ls -RF SCRATCH_MNT ***


*** godown ***


*** unmount ***


*** logprint after going down... ***

dirty log

*** mount with replay ***


*** ls -RF SCRATCH_MNT ***


*** diff ls before and after ***

Files TMP.ls1 and TMP.ls2 are identical

*** unmount ***


*** logprint after mount and replay... ***

clean log

*** filesystem is checked ok ***

