QA output created by 056
wrote 4096/4096 bytes at offset 0
XXX Bytes, X ops; XX:XX:XX.X (XXX YYY/sec and XXX ops/sec)
File content before:
0000000 aa aa aa aa aa aa aa aa aa aa aa aa aa aa aa aa
*
0010000
File content after:
0000000 aa aa aa aa aa aa aa aa aa aa aa aa aa aa aa aa
*
0010000
