QA output created by 063
	1. into a hole
cf845a781c107ec1346e849c9dd1b7e8
	2. into allocated space
0: [0..7]: extent
1: [8..23]: hole
2: [24..55]: extent
64e72217eebcbdf31b1b058f9f5f476a
	3. into unwritten space
0: [0..7]: extent
1: [8..23]: hole
2: [24..55]: extent
22b7303d274481990b5401b6263effe0
	4. hole -> data
0: [0..7]: extent
1: [8..31]: hole
2: [32..55]: extent
c4fef62ba1de9d91a977cfeec6632f19
	5. hole -> unwritten
0: [0..7]: extent
1: [8..31]: hole
2: [32..55]: extent
1ca74f7572a0f4ab477fdbb5682e5f61
	6. data -> hole
0: [0..7]: extent
1: [8..23]: hole
2: [24..31]: extent
3: [32..47]: hole
4: [48..55]: extent
be0f35d4292a20040766d87883b0abd1
	7. data -> unwritten
0: [0..7]: extent
1: [8..23]: hole
2: [24..47]: extent
3: [48..55]: hole
bddb1f3895268acce30d516a99cb0f2f
	8. unwritten -> hole
0: [0..7]: extent
1: [8..23]: hole
2: [24..31]: extent
3: [32..39]: hole
4: [40..55]: extent
f8fc47adc45b7cf72f988b3ddf5bff64
	9. unwritten -> data
0: [0..7]: extent
1: [8..23]: hole
2: [24..47]: extent
3: [48..55]: hole
c4fef62ba1de9d91a977cfeec6632f19
	10. hole -> data -> hole
0: [0..7]: extent
1: [8..39]: hole
2: [40..63]: extent
52af1bfcbf43f28af2328de32e0567e5
	11. data -> hole -> data
0: [0..7]: extent
1: [8..31]: hole
2: [32..39]: extent
3: [40..47]: hole
4: [48..63]: extent
e3a8d52acc4d91a8ed19d7b6f4f26a71
	12. unwritten -> data -> unwritten
0: [0..7]: extent
1: [8..31]: hole
2: [32..63]: extent
52af1bfcbf43f28af2328de32e0567e5
	13. data -> unwritten -> data
0: [0..7]: extent
1: [8..31]: hole
2: [32..63]: extent
2b22165f4a24a2c36fd05ef00b41df88
	14. data -> hole @ EOF
0: [0..23]: extent
1: [24..39]: hole
2: [40..55]: extent
aa0f20d1edcdbce60d8ef82700ba30c3
	15. data -> hole @ 0
0: [0..15]: hole
1: [16..55]: extent
86c9d033be2761385c9cfa203c426bb2
