QA output created by 065
wrote 8192/8192 bytes at offset 0
XXX Bytes, X ops; XX:XX:XX.X (XXX YYY/sec and XXX ops/sec)
wrote 65536/65536 bytes at offset 0
XXX Bytes, X ops; XX:XX:XX.X (XXX YYY/sec and XXX ops/sec)
File 'foo' content after log replay:
0000000 aa aa aa aa aa aa aa aa aa aa aa aa aa aa aa aa
*
0020000
file 'foo' link count after log replay: 5
file 'hello' content after log replay:
0000000 ff ff ff ff ff ff ff ff ff ff ff ff ff ff ff ff
*
0200000
