QA output created by 071
wrote 262144/262144 bytes at offset 0
XXX Bytes, X ops; XX:XX:XX.X (XXX YYY/sec and XXX ops/sec)
File content after remount:
0000000 aa aa aa aa aa aa aa aa aa aa aa aa aa aa aa aa
*
1000000 00 00 00 00 00 00 00 00 00 00 00 00 00 00 00 00
*
2000000
