QA output created by 149
Create the original files
856bb58abaf1ac79aa1aa45b7de7218b  TEST_DIR/test-149/file1
856bb58abaf1ac79aa1aa45b7de7218b  TEST_DIR/test-149/file2
856bb58abaf1ac79aa1aa45b7de7218b  TEST_DIR/test-149/file3
856bb58abaf1ac79aa1aa45b7de7218b  TEST_DIR/test-149/file4
e263fae701bc40c23a3edb20aad5573e  TEST_DIR/test-149/file2.chk
91722d7c8baf83f300a8dc35f1ffcce2  TEST_DIR/test-149/file3.chk
c931e8500c1a56a5b7369f7f1b971690  TEST_DIR/test-149/file4.chk
fzero files
Compare files
856bb58abaf1ac79aa1aa45b7de7218b  TEST_DIR/test-149/file1
e263fae701bc40c23a3edb20aad5573e  TEST_DIR/test-149/file2
91722d7c8baf83f300a8dc35f1ffcce2  TEST_DIR/test-149/file3
c931e8500c1a56a5b7369f7f1b971690  TEST_DIR/test-149/file4
e263fae701bc40c23a3edb20aad5573e  TEST_DIR/test-149/file2.chk
91722d7c8baf83f300a8dc35f1ffcce2  TEST_DIR/test-149/file3.chk
c931e8500c1a56a5b7369f7f1b971690  TEST_DIR/test-149/file4.chk
Compare against check files
