QA output created by 160
Format and mount
Create the original files
Try dedupe on immutable files
TEST_DIR/test-160/file2: Permission denied
