QA output created by 170
Format and mount
Initialize files
Reflink and dio write the target
