QA output created by 220
Format and mount
Create the original files
Compare files
CoW and unmount
Compare files
