QA output created by 229
Format and mount
runtest regular delalloc
Create the original files
Compare files
CoW and unmount
Compare files
runtest regular unwritten
Create the original files
Compare files
CoW and unmount
Compare files
runtest regular hole
Create the original files
Compare files
CoW and unmount
Compare files
runtest regular regular
Create the original files
Compare files
CoW and unmount
Compare files
runtest hole delalloc
Create the original files
Compare files
CoW and unmount
Compare files
runtest hole unwritten
Create the original files
Compare files
CoW and unmount
Compare files
runtest hole hole
Create the original files
Compare files
CoW and unmount
Compare files
runtest hole regular
Create the original files
Compare files
CoW and unmount
Compare files
runtest unwritten delalloc
Create the original files
Compare files
CoW and unmount
Compare files
runtest unwritten unwritten
Create the original files
Compare files
CoW and unmount
Compare files
runtest unwritten hole
Create the original files
Compare files
CoW and unmount
Compare files
runtest unwritten regular
Create the original files
Compare files
CoW and unmount
Compare files
runtest delalloc delalloc
Create the original files
Compare files
CoW and unmount
Compare files
runtest delalloc unwritten
Create the original files
Compare files
CoW and unmount
Compare files
runtest delalloc hole
Create the original files
Compare files
CoW and unmount
Compare files
runtest delalloc regular
Create the original files
Compare files
CoW and unmount
Compare files
