QA output created by 336
Filesystem content before power failure:
SCRATCH_MNT/a:
foo

SCRATCH_MNT/b:

SCRATCH_MNT/c:
bar
Filesystem content after power failure:
SCRATCH_MNT/a:
foo

SCRATCH_MNT/b:

SCRATCH_MNT/c:
bar
