QA output created by 337
# file: SCRATCH_MNT/testfile
user.J3__T_Km3dVsW_="hello"
user.WvG1c1Td="qwerty"
user.foobar="123"
user.ping="pong"
user.something="pizza"

