QA output created by 343
Filesystem contents after log replay:
SCRATCH_MNT/x:
bar
foo
foo2
z

SCRATCH_MNT/x/z:

SCRATCH_MNT/y:
