QA output created by 350
Create and format
Zero punch
Punch range past EOD
Check contents
8c6a3fd51601141b56eaebbab3746156  SCSI_DEBUG_DEV
Punch to MAX_LFS_FILESIZE
Check contents
b5cfa9d6c8febd618f91ac2843d50a1c  SCSI_DEBUG_DEV
Destroy device
