QA output created by 352
wrote 131072/131072 bytes at offset 0
XXX Bytes, X ops; XX:XX:XX.X (XXX YYY/sec and XXX ops/sec)
0: [0..2097151]: 0x2000
1: [2097152..2097407]: 0x2001
