QA output created by 017
+ create scratch fs
+ mount fs image
+ make some files
+ check fs
+ corrupt image
+ mount image
+ modify dirs
+ repair fs
+ mount image (2)
+ modify dirs (2)
+ check fs (2)
