QA output created by 307

Run fsstress
Allocate donor file
Perform compacting
Check data
