QA output created by 308
Create file with 10 * 2 fragments
wrote 1234/1234 bytes at offset 0
XXX Bytes, X ops; XX:XX:XX.X (XXX YYY/sec and XXX ops/sec)
wrote 1234/1234 bytes at offset 123400
XXX Bytes, X ops; XX:XX:XX.X (XXX YYY/sec and XXX ops/sec)
wrote 1234/1234 bytes at offset 246800
XXX Bytes, X ops; XX:XX:XX.X (XXX YYY/sec and XXX ops/sec)
wrote 1234/1234 bytes at offset 370200
XXX Bytes, X ops; XX:XX:XX.X (XXX YYY/sec and XXX ops/sec)
wrote 1234/1234 bytes at offset 493600
XXX Bytes, X ops; XX:XX:XX.X (XXX YYY/sec and XXX ops/sec)
wrote 1234/1234 bytes at offset 617000
XXX Bytes, X ops; XX:XX:XX.X (XXX YYY/sec and XXX ops/sec)
wrote 1234/1234 bytes at offset 740400
XXX Bytes, X ops; XX:XX:XX.X (XXX YYY/sec and XXX ops/sec)
wrote 1234/1234 bytes at offset 863800
XXX Bytes, X ops; XX:XX:XX.X (XXX YYY/sec and XXX ops/sec)
wrote 1234/1234 bytes at offset 987200
XXX Bytes, X ops; XX:XX:XX.X (XXX YYY/sec and XXX ops/sec)
wrote 1234/1234 bytes at offset 1110600
XXX Bytes, X ops; XX:XX:XX.X (XXX YYY/sec and XXX ops/sec)
50f924a5dc9b03609a4577f9f961414b  SCRATCH_MNT/test.10
Perform compacting
50f924a5dc9b03609a4577f9f961414b  SCRATCH_MNT/test.10
Perform compacting, second pass
50f924a5dc9b03609a4577f9f961414b  SCRATCH_MNT/test.10
Create file with 20 * 2 fragments
wrote 1234/1234 bytes at offset 0
XXX Bytes, X ops; XX:XX:XX.X (XXX YYY/sec and XXX ops/sec)
wrote 1234/1234 bytes at offset 123400
XXX Bytes, X ops; XX:XX:XX.X (XXX YYY/sec and XXX ops/sec)
wrote 1234/1234 bytes at offset 246800
XXX Bytes, X ops; XX:XX:XX.X (XXX YYY/sec and XXX ops/sec)
wrote 1234/1234 bytes at offset 370200
XXX Bytes, X ops; XX:XX:XX.X (XXX YYY/sec and XXX ops/sec)
wrote 1234/1234 bytes at offset 493600
XXX Bytes, X ops; XX:XX:XX.X (XXX YYY/sec and XXX ops/sec)
wrote 1234/1234 bytes at offset 617000
XXX Bytes, X ops; XX:XX:XX.X (XXX YYY/sec and XXX ops/sec)
wrote 1234/1234 bytes at offset 740400
XXX Bytes, X ops; XX:XX:XX.X (XXX YYY/sec and XXX ops/sec)
wrote 1234/1234 bytes at offset 863800
XXX Bytes, X ops; XX:XX:XX.X (XXX YYY/sec and XXX ops/sec)
wrote 1234/1234 bytes at offset 987200
XXX Bytes, X ops; XX:XX:XX.X (XXX YYY/sec and XXX ops/sec)
wrote 1234/1234 bytes at offset 1110600
XXX Bytes, X ops; XX:XX:XX.X (XXX YYY/sec and XXX ops/sec)
wrote 1234/1234 bytes at offset 1234000
XXX Bytes, X ops; XX:XX:XX.X (XXX YYY/sec and XXX ops/sec)
wrote 1234/1234 bytes at offset 1357400
XXX Bytes, X ops; XX:XX:XX.X (XXX YYY/sec and XXX ops/sec)
wrote 1234/1234 bytes at offset 1480800
XXX Bytes, X ops; XX:XX:XX.X (XXX YYY/sec and XXX ops/sec)
wrote 1234/1234 bytes at offset 1604200
XXX Bytes, X ops; XX:XX:XX.X (XXX YYY/sec and XXX ops/sec)
wrote 1234/1234 bytes at offset 1727600
XXX Bytes, X ops; XX:XX:XX.X (XXX YYY/sec and XXX ops/sec)
wrote 1234/1234 bytes at offset 1851000
XXX Bytes, X ops; XX:XX:XX.X (XXX YYY/sec and XXX ops/sec)
wrote 1234/1234 bytes at offset 1974400
XXX Bytes, X ops; XX:XX:XX.X (XXX YYY/sec and XXX ops/sec)
wrote 1234/1234 bytes at offset 2097800
XXX Bytes, X ops; XX:XX:XX.X (XXX YYY/sec and XXX ops/sec)
wrote 1234/1234 bytes at offset 2221200
XXX Bytes, X ops; XX:XX:XX.X (XXX YYY/sec and XXX ops/sec)
wrote 1234/1234 bytes at offset 2344600
XXX Bytes, X ops; XX:XX:XX.X (XXX YYY/sec and XXX ops/sec)
50f924a5dc9b03609a4577f9f961414b  SCRATCH_MNT/test.10
6f9881a10aa775535623786328412d3d  SCRATCH_MNT/test.20
Perform compacting
50f924a5dc9b03609a4577f9f961414b  SCRATCH_MNT/test.10
6f9881a10aa775535623786328412d3d  SCRATCH_MNT/test.20
Perform compacting, second pass
50f924a5dc9b03609a4577f9f961414b  SCRATCH_MNT/test.10
6f9881a10aa775535623786328412d3d  SCRATCH_MNT/test.20
Create file with 40 * 2 fragments
wrote 1234/1234 bytes at offset 0
XXX Bytes, X ops; XX:XX:XX.X (XXX YYY/sec and XXX ops/sec)
wrote 1234/1234 bytes at offset 123400
XXX Bytes, X ops; XX:XX:XX.X (XXX YYY/sec and XXX ops/sec)
wrote 1234/1234 bytes at offset 246800
XXX Bytes, X ops; XX:XX:XX.X (XXX YYY/sec and XXX ops/sec)
wrote 1234/1234 bytes at offset 370200
XXX Bytes, X ops; XX:XX:XX.X (XXX YYY/sec and XXX ops/sec)
wrote 1234/1234 bytes at offset 493600
XXX Bytes, X ops; XX:XX:XX.X (XXX YYY/sec and XXX ops/sec)
wrote 1234/1234 bytes at offset 617000
XXX Bytes, X ops; XX:XX:XX.X (XXX YYY/sec and XXX ops/sec)
wrote 1234/1234 bytes at offset 740400
XXX Bytes, X ops; XX:XX:XX.X (XXX YYY/sec and XXX ops/sec)
wrote 1234/1234 bytes at offset 863800
XXX Bytes, X ops; XX:XX:XX.X (XXX YYY/sec and XXX ops/sec)
wrote 1234/1234 bytes at offset 987200
XXX Bytes, X ops; XX:XX:XX.X (XXX YYY/sec and XXX ops/sec)
wrote 1234/1234 bytes at offset 1110600
XXX Bytes, X ops; XX:XX:XX.X (XXX YYY/sec and XXX ops/sec)
wrote 1234/1234 bytes at offset 1234000
XXX Bytes, X ops; XX:XX:XX.X (XXX YYY/sec and XXX ops/sec)
wrote 1234/1234 bytes at offset 1357400
XXX Bytes, X ops; XX:XX:XX.X (XXX YYY/sec and XXX ops/sec)
wrote 1234/1234 bytes at offset 1480800
XXX Bytes, X ops; XX:XX:XX.X (XXX YYY/sec and XXX ops/sec)
wrote 1234/1234 bytes at offset 1604200
XXX Bytes, X ops; XX:XX:XX.X (XXX YYY/sec and XXX ops/sec)
wrote 1234/1234 bytes at offset 1727600
XXX Bytes, X ops; XX:XX:XX.X (XXX YYY/sec and XXX ops/sec)
wrote 1234/1234 bytes at offset 1851000
XXX Bytes, X ops; XX:XX:XX.X (XXX YYY/sec and XXX ops/sec)
wrote 1234/1234 bytes at offset 1974400
XXX Bytes, X ops; XX:XX:XX.X (XXX YYY/sec and XXX ops/sec)
wrote 1234/1234 bytes at offset 2097800
XXX Bytes, X ops; XX:XX:XX.X (XXX YYY/sec and XXX ops/sec)
wrote 1234/1234 bytes at offset 2221200
XXX Bytes, X ops; XX:XX:XX.X (XXX YYY/sec and XXX ops/sec)
wrote 1234/1234 bytes at offset 2344600
XXX Bytes, X ops; XX:XX:XX.X (XXX YYY/sec and XXX ops/sec)
wrote 1234/1234 bytes at offset 2468000
XXX Bytes, X ops; XX:XX:XX.X (XXX YYY/sec and XXX ops/sec)
wrote 1234/1234 bytes at offset 2591400
XXX Bytes, X ops; XX:XX:XX.X (XXX YYY/sec and XXX ops/sec)
wrote 1234/1234 bytes at offset 2714800
XXX Bytes, X ops; XX:XX:XX.X (XXX YYY/sec and XXX ops/sec)
wrote 1234/1234 bytes at offset 2838200
XXX Bytes, X ops; XX:XX:XX.X (XXX YYY/sec and XXX ops/sec)
wrote 1234/1234 bytes at offset 2961600
XXX Bytes, X ops; XX:XX:XX.X (XXX YYY/sec and XXX ops/sec)
wrote 1234/1234 bytes at offset 3085000
XXX Bytes, X ops; XX:XX:XX.X (XXX YYY/sec and XXX ops/sec)
wrote 1234/1234 bytes at offset 3208400
XXX Bytes, X ops; XX:XX:XX.X (XXX YYY/sec and XXX ops/sec)
wrote 1234/1234 bytes at offset 3331800
XXX Bytes, X ops; XX:XX:XX.X (XXX YYY/sec and XXX ops/sec)
wrote 1234/1234 bytes at offset 3455200
XXX Bytes, X ops; XX:XX:XX.X (XXX YYY/sec and XXX ops/sec)
wrote 1234/1234 bytes at offset 3578600
XXX Bytes, X ops; XX:XX:XX.X (XXX YYY/sec and XXX ops/sec)
wrote 1234/1234 bytes at offset 3702000
XXX Bytes, X ops; XX:XX:XX.X (XXX YYY/sec and XXX ops/sec)
wrote 1234/1234 bytes at offset 3825400
XXX Bytes, X ops; XX:XX:XX.X (XXX YYY/sec and XXX ops/sec)
wrote 1234/1234 bytes at offset 3948800
XXX Bytes, X ops; XX:XX:XX.X (XXX YYY/sec and XXX ops/sec)
wrote 1234/1234 bytes at offset 4072200
XXX Bytes, X ops; XX:XX:XX.X (XXX YYY/sec and XXX ops/sec)
wrote 1234/1234 bytes at offset 4195600
XXX Bytes, X ops; XX:XX:XX.X (XXX YYY/sec and XXX ops/sec)
wrote 1234/1234 bytes at offset 4319000
XXX Bytes, X ops; XX:XX:XX.X (XXX YYY/sec and XXX ops/sec)
wrote 1234/1234 bytes at offset 4442400
XXX Bytes, X ops; XX:XX:XX.X (XXX YYY/sec and XXX ops/sec)
wrote 1234/1234 bytes at offset 4565800
XXX Bytes, X ops; XX:XX:XX.X (XXX YYY/sec and XXX ops/sec)
wrote 1234/1234 bytes at offset 4689200
XXX Bytes, X ops; XX:XX:XX.X (XXX YYY/sec and XXX ops/sec)
wrote 1234/1234 bytes at offset 4812600
XXX Bytes, X ops; XX:XX:XX.X (XXX YYY/sec and XXX ops/sec)
50f924a5dc9b03609a4577f9f961414b  SCRATCH_MNT/test.10
6f9881a10aa775535623786328412d3d  SCRATCH_MNT/test.20
f968580511a76bdf4ac521291a901ba0  SCRATCH_MNT/test.40
Perform compacting
50f924a5dc9b03609a4577f9f961414b  SCRATCH_MNT/test.10
6f9881a10aa775535623786328412d3d  SCRATCH_MNT/test.20
f968580511a76bdf4ac521291a901ba0  SCRATCH_MNT/test.40
Perform compacting, second pass
50f924a5dc9b03609a4577f9f961414b  SCRATCH_MNT/test.10
6f9881a10aa775535623786328412d3d  SCRATCH_MNT/test.20
f968580511a76bdf4ac521291a901ba0  SCRATCH_MNT/test.40
Create file with 80 * 2 fragments
wrote 1234/1234 bytes at offset 0
XXX Bytes, X ops; XX:XX:XX.X (XXX YYY/sec and XXX ops/sec)
wrote 1234/1234 bytes at offset 123400
XXX Bytes, X ops; XX:XX:XX.X (XXX YYY/sec and XXX ops/sec)
wrote 1234/1234 bytes at offset 246800
XXX Bytes, X ops; XX:XX:XX.X (XXX YYY/sec and XXX ops/sec)
wrote 1234/1234 bytes at offset 370200
XXX Bytes, X ops; XX:XX:XX.X (XXX YYY/sec and XXX ops/sec)
wrote 1234/1234 bytes at offset 493600
XXX Bytes, X ops; XX:XX:XX.X (XXX YYY/sec and XXX ops/sec)
wrote 1234/1234 bytes at offset 617000
XXX Bytes, X ops; XX:XX:XX.X (XXX YYY/sec and XXX ops/sec)
wrote 1234/1234 bytes at offset 740400
XXX Bytes, X ops; XX:XX:XX.X (XXX YYY/sec and XXX ops/sec)
wrote 1234/1234 bytes at offset 863800
XXX Bytes, X ops; XX:XX:XX.X (XXX YYY/sec and XXX ops/sec)
wrote 1234/1234 bytes at offset 987200
XXX Bytes, X ops; XX:XX:XX.X (XXX YYY/sec and XXX ops/sec)
wrote 1234/1234 bytes at offset 1110600
XXX Bytes, X ops; XX:XX:XX.X (XXX YYY/sec and XXX ops/sec)
wrote 1234/1234 bytes at offset 1234000
XXX Bytes, X ops; XX:XX:XX.X (XXX YYY/sec and XXX ops/sec)
wrote 1234/1234 bytes at offset 1357400
XXX Bytes, X ops; XX:XX:XX.X (XXX YYY/sec and XXX ops/sec)
wrote 1234/1234 bytes at offset 1480800
XXX Bytes, X ops; XX:XX:XX.X (XXX YYY/sec and XXX ops/sec)
wrote 1234/1234 bytes at offset 1604200
XXX Bytes, X ops; XX:XX:XX.X (XXX YYY/sec and XXX ops/sec)
wrote 1234/1234 bytes at offset 1727600
XXX Bytes, X ops; XX:XX:XX.X (XXX YYY/sec and XXX ops/sec)
wrote 1234/1234 bytes at offset 1851000
XXX Bytes, X ops; XX:XX:XX.X (XXX YYY/sec and XXX ops/sec)
wrote 1234/1234 bytes at offset 1974400
XXX Bytes, X ops; XX:XX:XX.X (XXX YYY/sec and XXX ops/sec)
wrote 1234/1234 bytes at offset 2097800
XXX Bytes, X ops; XX:XX:XX.X (XXX YYY/sec and XXX ops/sec)
wrote 1234/1234 bytes at offset 2221200
XXX Bytes, X ops; XX:XX:XX.X (XXX YYY/sec and XXX ops/sec)
wrote 1234/1234 bytes at offset 2344600
XXX Bytes, X ops; XX:XX:XX.X (XXX YYY/sec and XXX ops/sec)
wrote 1234/1234 bytes at offset 2468000
XXX Bytes, X ops; XX:XX:XX.X (XXX YYY/sec and XXX ops/sec)
wrote 1234/1234 bytes at offset 2591400
XXX Bytes, X ops; XX:XX:XX.X (XXX YYY/sec and XXX ops/sec)
wrote 1234/1234 bytes at offset 2714800
XXX Bytes, X ops; XX:XX:XX.X (XXX YYY/sec and XXX ops/sec)
wrote 1234/1234 bytes at offset 2838200
XXX Bytes, X ops; XX:XX:XX.X (XXX YYY/sec and XXX ops/sec)
wrote 1234/1234 bytes at offset 2961600
XXX Bytes, X ops; XX:XX:XX.X (XXX YYY/sec and XXX ops/sec)
wrote 1234/1234 bytes at offset 3085000
XXX Bytes, X ops; XX:XX:XX.X (XXX YYY/sec and XXX ops/sec)
wrote 1234/1234 bytes at offset 3208400
XXX Bytes, X ops; XX:XX:XX.X (XXX YYY/sec and XXX ops/sec)
wrote 1234/1234 bytes at offset 3331800
XXX Bytes, X ops; XX:XX:XX.X (XXX YYY/sec and XXX ops/sec)
wrote 1234/1234 bytes at offset 3455200
XXX Bytes, X ops; XX:XX:XX.X (XXX YYY/sec and XXX ops/sec)
wrote 1234/1234 bytes at offset 3578600
XXX Bytes, X ops; XX:XX:XX.X (XXX YYY/sec and XXX ops/sec)
wrote 1234/1234 bytes at offset 3702000
XXX Bytes, X ops; XX:XX:XX.X (XXX YYY/sec and XXX ops/sec)
wrote 1234/1234 bytes at offset 3825400
XXX Bytes, X ops; XX:XX:XX.X (XXX YYY/sec and XXX ops/sec)
wrote 1234/1234 bytes at offset 3948800
XXX Bytes, X ops; XX:XX:XX.X (XXX YYY/sec and XXX ops/sec)
wrote 1234/1234 bytes at offset 4072200
XXX Bytes, X ops; XX:XX:XX.X (XXX YYY/sec and XXX ops/sec)
wrote 1234/1234 bytes at offset 4195600
XXX Bytes, X ops; XX:XX:XX.X (XXX YYY/sec and XXX ops/sec)
wrote 1234/1234 bytes at offset 4319000
XXX Bytes, X ops; XX:XX:XX.X (XXX YYY/sec and XXX ops/sec)
wrote 1234/1234 bytes at offset 4442400
XXX Bytes, X ops; XX:XX:XX.X (XXX YYY/sec and XXX ops/sec)
wrote 1234/1234 bytes at offset 4565800
XXX Bytes, X ops; XX:XX:XX.X (XXX YYY/sec and XXX ops/sec)
wrote 1234/1234 bytes at offset 4689200
XXX Bytes, X ops; XX:XX:XX.X (XXX YYY/sec and XXX ops/sec)
wrote 1234/1234 bytes at offset 4812600
XXX Bytes, X ops; XX:XX:XX.X (XXX YYY/sec and XXX ops/sec)
wrote 1234/1234 bytes at offset 4936000
XXX Bytes, X ops; XX:XX:XX.X (XXX YYY/sec and XXX ops/sec)
wrote 1234/1234 bytes at offset 5059400
XXX Bytes, X ops; XX:XX:XX.X (XXX YYY/sec and XXX ops/sec)
wrote 1234/1234 bytes at offset 5182800
XXX Bytes, X ops; XX:XX:XX.X (XXX YYY/sec and XXX ops/sec)
wrote 1234/1234 bytes at offset 5306200
XXX Bytes, X ops; XX:XX:XX.X (XXX YYY/sec and XXX ops/sec)
wrote 1234/1234 bytes at offset 5429600
XXX Bytes, X ops; XX:XX:XX.X (XXX YYY/sec and XXX ops/sec)
wrote 1234/1234 bytes at offset 5553000
XXX Bytes, X ops; XX:XX:XX.X (XXX YYY/sec and XXX ops/sec)
wrote 1234/1234 bytes at offset 5676400
XXX Bytes, X ops; XX:XX:XX.X (XXX YYY/sec and XXX ops/sec)
wrote 1234/1234 bytes at offset 5799800
XXX Bytes, X ops; XX:XX:XX.X (XXX YYY/sec and XXX ops/sec)
wrote 1234/1234 bytes at offset 5923200
XXX Bytes, X ops; XX:XX:XX.X (XXX YYY/sec and XXX ops/sec)
wrote 1234/1234 bytes at offset 6046600
XXX Bytes, X ops; XX:XX:XX.X (XXX YYY/sec and XXX ops/sec)
wrote 1234/1234 bytes at offset 6170000
XXX Bytes, X ops; XX:XX:XX.X (XXX YYY/sec and XXX ops/sec)
wrote 1234/1234 bytes at offset 6293400
XXX Bytes, X ops; XX:XX:XX.X (XXX YYY/sec and XXX ops/sec)
wrote 1234/1234 bytes at offset 6416800
XXX Bytes, X ops; XX:XX:XX.X (XXX YYY/sec and XXX ops/sec)
wrote 1234/1234 bytes at offset 6540200
XXX Bytes, X ops; XX:XX:XX.X (XXX YYY/sec and XXX ops/sec)
wrote 1234/1234 bytes at offset 6663600
XXX Bytes, X ops; XX:XX:XX.X (XXX YYY/sec and XXX ops/sec)
wrote 1234/1234 bytes at offset 6787000
XXX Bytes, X ops; XX:XX:XX.X (XXX YYY/sec and XXX ops/sec)
wrote 1234/1234 bytes at offset 6910400
XXX Bytes, X ops; XX:XX:XX.X (XXX YYY/sec and XXX ops/sec)
wrote 1234/1234 bytes at offset 7033800
XXX Bytes, X ops; XX:XX:XX.X (XXX YYY/sec and XXX ops/sec)
wrote 1234/1234 bytes at offset 7157200
XXX Bytes, X ops; XX:XX:XX.X (XXX YYY/sec and XXX ops/sec)
wrote 1234/1234 bytes at offset 7280600
XXX Bytes, X ops; XX:XX:XX.X (XXX YYY/sec and XXX ops/sec)
wrote 1234/1234 bytes at offset 7404000
XXX Bytes, X ops; XX:XX:XX.X (XXX YYY/sec and XXX ops/sec)
wrote 1234/1234 bytes at offset 7527400
XXX Bytes, X ops; XX:XX:XX.X (XXX YYY/sec and XXX ops/sec)
wrote 1234/1234 bytes at offset 7650800
XXX Bytes, X ops; XX:XX:XX.X (XXX YYY/sec and XXX ops/sec)
wrote 1234/1234 bytes at offset 7774200
XXX Bytes, X ops; XX:XX:XX.X (XXX YYY/sec and XXX ops/sec)
wrote 1234/1234 bytes at offset 7897600
XXX Bytes, X ops; XX:XX:XX.X (XXX YYY/sec and XXX ops/sec)
wrote 1234/1234 bytes at offset 8021000
XXX Bytes, X ops; XX:XX:XX.X (XXX YYY/sec and XXX ops/sec)
wrote 1234/1234 bytes at offset 8144400
XXX Bytes, X ops; XX:XX:XX.X (XXX YYY/sec and XXX ops/sec)
wrote 1234/1234 bytes at offset 8267800
XXX Bytes, X ops; XX:XX:XX.X (XXX YYY/sec and XXX ops/sec)
wrote 1234/1234 bytes at offset 8391200
XXX Bytes, X ops; XX:XX:XX.X (XXX YYY/sec and XXX ops/sec)
wrote 1234/1234 bytes at offset 8514600
XXX Bytes, X ops; XX:XX:XX.X (XXX YYY/sec and XXX ops/sec)
wrote 1234/1234 bytes at offset 8638000
XXX Bytes, X ops; XX:XX:XX.X (XXX YYY/sec and XXX ops/sec)
wrote 1234/1234 bytes at offset 8761400
XXX Bytes, X ops; XX:XX:XX.X (XXX YYY/sec and XXX ops/sec)
wrote 1234/1234 bytes at offset 8884800
XXX Bytes, X ops; XX:XX:XX.X (XXX YYY/sec and XXX ops/sec)
wrote 1234/1234 bytes at offset 9008200
XXX Bytes, X ops; XX:XX:XX.X (XXX YYY/sec and XXX ops/sec)
wrote 1234/1234 bytes at offset 9131600
XXX Bytes, X ops; XX:XX:XX.X (XXX YYY/sec and XXX ops/sec)
wrote 1234/1234 bytes at offset 9255000
XXX Bytes, X ops; XX:XX:XX.X (XXX YYY/sec and XXX ops/sec)
wrote 1234/1234 bytes at offset 9378400
XXX Bytes, X ops; XX:XX:XX.X (XXX YYY/sec and XXX ops/sec)
wrote 1234/1234 bytes at offset 9501800
XXX Bytes, X ops; XX:XX:XX.X (XXX YYY/sec and XXX ops/sec)
wrote 1234/1234 bytes at offset 9625200
XXX Bytes, X ops; XX:XX:XX.X (XXX YYY/sec and XXX ops/sec)
wrote 1234/1234 bytes at offset 9748600
XXX Bytes, X ops; XX:XX:XX.X (XXX YYY/sec and XXX ops/sec)
50f924a5dc9b03609a4577f9f961414b  SCRATCH_MNT/test.10
6f9881a10aa775535623786328412d3d  SCRATCH_MNT/test.20
f968580511a76bdf4ac521291a901ba0  SCRATCH_MNT/test.40
96a65e624734a046b2fd52448f71074d  SCRATCH_MNT/test.80
Perform compacting
50f924a5dc9b03609a4577f9f961414b  SCRATCH_MNT/test.10
6f9881a10aa775535623786328412d3d  SCRATCH_MNT/test.20
f968580511a76bdf4ac521291a901ba0  SCRATCH_MNT/test.40
96a65e624734a046b2fd52448f71074d  SCRATCH_MNT/test.80
Perform compacting, second pass
50f924a5dc9b03609a4577f9f961414b  SCRATCH_MNT/test.10
6f9881a10aa775535623786328412d3d  SCRATCH_MNT/test.20
f968580511a76bdf4ac521291a901ba0  SCRATCH_MNT/test.40
96a65e624734a046b2fd52448f71074d  SCRATCH_MNT/test.80
Create file with 160 * 2 fragments
wrote 1234/1234 bytes at offset 0
XXX Bytes, X ops; XX:XX:XX.X (XXX YYY/sec and XXX ops/sec)
wrote 1234/1234 bytes at offset 123400
XXX Bytes, X ops; XX:XX:XX.X (XXX YYY/sec and XXX ops/sec)
wrote 1234/1234 bytes at offset 246800
XXX Bytes, X ops; XX:XX:XX.X (XXX YYY/sec and XXX ops/sec)
wrote 1234/1234 bytes at offset 370200
XXX Bytes, X ops; XX:XX:XX.X (XXX YYY/sec and XXX ops/sec)
wrote 1234/1234 bytes at offset 493600
XXX Bytes, X ops; XX:XX:XX.X (XXX YYY/sec and XXX ops/sec)
wrote 1234/1234 bytes at offset 617000
XXX Bytes, X ops; XX:XX:XX.X (XXX YYY/sec and XXX ops/sec)
wrote 1234/1234 bytes at offset 740400
XXX Bytes, X ops; XX:XX:XX.X (XXX YYY/sec and XXX ops/sec)
wrote 1234/1234 bytes at offset 863800
XXX Bytes, X ops; XX:XX:XX.X (XXX YYY/sec and XXX ops/sec)
wrote 1234/1234 bytes at offset 987200
XXX Bytes, X ops; XX:XX:XX.X (XXX YYY/sec and XXX ops/sec)
wrote 1234/1234 bytes at offset 1110600
XXX Bytes, X ops; XX:XX:XX.X (XXX YYY/sec and XXX ops/sec)
wrote 1234/1234 bytes at offset 1234000
XXX Bytes, X ops; XX:XX:XX.X (XXX YYY/sec and XXX ops/sec)
wrote 1234/1234 bytes at offset 1357400
XXX Bytes, X ops; XX:XX:XX.X (XXX YYY/sec and XXX ops/sec)
wrote 1234/1234 bytes at offset 1480800
XXX Bytes, X ops; XX:XX:XX.X (XXX YYY/sec and XXX ops/sec)
wrote 1234/1234 bytes at offset 1604200
XXX Bytes, X ops; XX:XX:XX.X (XXX YYY/sec and XXX ops/sec)
wrote 1234/1234 bytes at offset 1727600
XXX Bytes, X ops; XX:XX:XX.X (XXX YYY/sec and XXX ops/sec)
wrote 1234/1234 bytes at offset 1851000
XXX Bytes, X ops; XX:XX:XX.X (XXX YYY/sec and XXX ops/sec)
wrote 1234/1234 bytes at offset 1974400
XXX Bytes, X ops; XX:XX:XX.X (XXX YYY/sec and XXX ops/sec)
wrote 1234/1234 bytes at offset 2097800
XXX Bytes, X ops; XX:XX:XX.X (XXX YYY/sec and XXX ops/sec)
wrote 1234/1234 bytes at offset 2221200
XXX Bytes, X ops; XX:XX:XX.X (XXX YYY/sec and XXX ops/sec)
wrote 1234/1234 bytes at offset 2344600
XXX Bytes, X ops; XX:XX:XX.X (XXX YYY/sec and XXX ops/sec)
wrote 1234/1234 bytes at offset 2468000
XXX Bytes, X ops; XX:XX:XX.X (XXX YYY/sec and XXX ops/sec)
wrote 1234/1234 bytes at offset 2591400
XXX Bytes, X ops; XX:XX:XX.X (XXX YYY/sec and XXX ops/sec)
wrote 1234/1234 bytes at offset 2714800
XXX Bytes, X ops; XX:XX:XX.X (XXX YYY/sec and XXX ops/sec)
wrote 1234/1234 bytes at offset 2838200
XXX Bytes, X ops; XX:XX:XX.X (XXX YYY/sec and XXX ops/sec)
wrote 1234/1234 bytes at offset 2961600
XXX Bytes, X ops; XX:XX:XX.X (XXX YYY/sec and XXX ops/sec)
wrote 1234/1234 bytes at offset 3085000
XXX Bytes, X ops; XX:XX:XX.X (XXX YYY/sec and XXX ops/sec)
wrote 1234/1234 bytes at offset 3208400
XXX Bytes, X ops; XX:XX:XX.X (XXX YYY/sec and XXX ops/sec)
wrote 1234/1234 bytes at offset 3331800
XXX Bytes, X ops; XX:XX:XX.X (XXX YYY/sec and XXX ops/sec)
wrote 1234/1234 bytes at offset 3455200
XXX Bytes, X ops; XX:XX:XX.X (XXX YYY/sec and XXX ops/sec)
wrote 1234/1234 bytes at offset 3578600
XXX Bytes, X ops; XX:XX:XX.X (XXX YYY/sec and XXX ops/sec)
wrote 1234/1234 bytes at offset 3702000
XXX Bytes, X ops; XX:XX:XX.X (XXX YYY/sec and XXX ops/sec)
wrote 1234/1234 bytes at offset 3825400
XXX Bytes, X ops; XX:XX:XX.X (XXX YYY/sec and XXX ops/sec)
wrote 1234/1234 bytes at offset 3948800
XXX Bytes, X ops; XX:XX:XX.X (XXX YYY/sec and XXX ops/sec)
wrote 1234/1234 bytes at offset 4072200
XXX Bytes, X ops; XX:XX:XX.X (XXX YYY/sec and XXX ops/sec)
wrote 1234/1234 bytes at offset 4195600
XXX Bytes, X ops; XX:XX:XX.X (XXX YYY/sec and XXX ops/sec)
wrote 1234/1234 bytes at offset 4319000
XXX Bytes, X ops; XX:XX:XX.X (XXX YYY/sec and XXX ops/sec)
wrote 1234/1234 bytes at offset 4442400
XXX Bytes, X ops; XX:XX:XX.X (XXX YYY/sec and XXX ops/sec)
wrote 1234/1234 bytes at offset 4565800
XXX Bytes, X ops; XX:XX:XX.X (XXX YYY/sec and XXX ops/sec)
wrote 1234/1234 bytes at offset 4689200
XXX Bytes, X ops; XX:XX:XX.X (XXX YYY/sec and XXX ops/sec)
wrote 1234/1234 bytes at offset 4812600
XXX Bytes, X ops; XX:XX:XX.X (XXX YYY/sec and XXX ops/sec)
wrote 1234/1234 bytes at offset 4936000
XXX Bytes, X ops; XX:XX:XX.X (XXX YYY/sec and XXX ops/sec)
wrote 1234/1234 bytes at offset 5059400
XXX Bytes, X ops; XX:XX:XX.X (XXX YYY/sec and XXX ops/sec)
wrote 1234/1234 bytes at offset 5182800
XXX Bytes, X ops; XX:XX:XX.X (XXX YYY/sec and XXX ops/sec)
wrote 1234/1234 bytes at offset 5306200
XXX Bytes, X ops; XX:XX:XX.X (XXX YYY/sec and XXX ops/sec)
wrote 1234/1234 bytes at offset 5429600
XXX Bytes, X ops; XX:XX:XX.X (XXX YYY/sec and XXX ops/sec)
wrote 1234/1234 bytes at offset 5553000
XXX Bytes, X ops; XX:XX:XX.X (XXX YYY/sec and XXX ops/sec)
wrote 1234/1234 bytes at offset 5676400
XXX Bytes, X ops; XX:XX:XX.X (XXX YYY/sec and XXX ops/sec)
wrote 1234/1234 bytes at offset 5799800
XXX Bytes, X ops; XX:XX:XX.X (XXX YYY/sec and XXX ops/sec)
wrote 1234/1234 bytes at offset 5923200
XXX Bytes, X ops; XX:XX:XX.X (XXX YYY/sec and XXX ops/sec)
wrote 1234/1234 bytes at offset 6046600
XXX Bytes, X ops; XX:XX:XX.X (XXX YYY/sec and XXX ops/sec)
wrote 1234/1234 bytes at offset 6170000
XXX Bytes, X ops; XX:XX:XX.X (XXX YYY/sec and XXX ops/sec)
wrote 1234/1234 bytes at offset 6293400
XXX Bytes, X ops; XX:XX:XX.X (XXX YYY/sec and XXX ops/sec)
wrote 1234/1234 bytes at offset 6416800
XXX Bytes, X ops; XX:XX:XX.X (XXX YYY/sec and XXX ops/sec)
wrote 1234/1234 bytes at offset 6540200
XXX Bytes, X ops; XX:XX:XX.X (XXX YYY/sec and XXX ops/sec)
wrote 1234/1234 bytes at offset 6663600
XXX Bytes, X ops; XX:XX:XX.X (XXX YYY/sec and XXX ops/sec)
wrote 1234/1234 bytes at offset 6787000
XXX Bytes, X ops; XX:XX:XX.X (XXX YYY/sec and XXX ops/sec)
wrote 1234/1234 bytes at offset 6910400
XXX Bytes, X ops; XX:XX:XX.X (XXX YYY/sec and XXX ops/sec)
wrote 1234/1234 bytes at offset 7033800
XXX Bytes, X ops; XX:XX:XX.X (XXX YYY/sec and XXX ops/sec)
wrote 1234/1234 bytes at offset 7157200
XXX Bytes, X ops; XX:XX:XX.X (XXX YYY/sec and XXX ops/sec)
wrote 1234/1234 bytes at offset 7280600
XXX Bytes, X ops; XX:XX:XX.X (XXX YYY/sec and XXX ops/sec)
wrote 1234/1234 bytes at offset 7404000
XXX Bytes, X ops; XX:XX:XX.X (XXX YYY/sec and XXX ops/sec)
wrote 1234/1234 bytes at offset 7527400
XXX Bytes, X ops; XX:XX:XX.X (XXX YYY/sec and XXX ops/sec)
wrote 1234/1234 bytes at offset 7650800
XXX Bytes, X ops; XX:XX:XX.X (XXX YYY/sec and XXX ops/sec)
wrote 1234/1234 bytes at offset 7774200
XXX Bytes, X ops; XX:XX:XX.X (XXX YYY/sec and XXX ops/sec)
wrote 1234/1234 bytes at offset 7897600
XXX Bytes, X ops; XX:XX:XX.X (XXX YYY/sec and XXX ops/sec)
wrote 1234/1234 bytes at offset 8021000
XXX Bytes, X ops; XX:XX:XX.X (XXX YYY/sec and XXX ops/sec)
wrote 1234/1234 bytes at offset 8144400
XXX Bytes, X ops; XX:XX:XX.X (XXX YYY/sec and XXX ops/sec)
wrote 1234/1234 bytes at offset 8267800
XXX Bytes, X ops; XX:XX:XX.X (XXX YYY/sec and XXX ops/sec)
wrote 1234/1234 bytes at offset 8391200
XXX Bytes, X ops; XX:XX:XX.X (XXX YYY/sec and XXX ops/sec)
wrote 1234/1234 bytes at offset 8514600
XXX Bytes, X ops; XX:XX:XX.X (XXX YYY/sec and XXX ops/sec)
wrote 1234/1234 bytes at offset 8638000
XXX Bytes, X ops; XX:XX:XX.X (XXX YYY/sec and XXX ops/sec)
wrote 1234/1234 bytes at offset 8761400
XXX Bytes, X ops; XX:XX:XX.X (XXX YYY/sec and XXX ops/sec)
wrote 1234/1234 bytes at offset 8884800
XXX Bytes, X ops; XX:XX:XX.X (XXX YYY/sec and XXX ops/sec)
wrote 1234/1234 bytes at offset 9008200
XXX Bytes, X ops; XX:XX:XX.X (XXX YYY/sec and XXX ops/sec)
wrote 1234/1234 bytes at offset 9131600
XXX Bytes, X ops; XX:XX:XX.X (XXX YYY/sec and XXX ops/sec)
wrote 1234/1234 bytes at offset 9255000
XXX Bytes, X ops; XX:XX:XX.X (XXX YYY/sec and XXX ops/sec)
wrote 1234/1234 bytes at offset 9378400
XXX Bytes, X ops; XX:XX:XX.X (XXX YYY/sec and XXX ops/sec)
wrote 1234/1234 bytes at offset 9501800
XXX Bytes, X ops; XX:XX:XX.X (XXX YYY/sec and XXX ops/sec)
wrote 1234/1234 bytes at offset 9625200
XXX Bytes, X ops; XX:XX:XX.X (XXX YYY/sec and XXX ops/sec)
wrote 1234/1234 bytes at offset 9748600
XXX Bytes, X ops; XX:XX:XX.X (XXX YYY/sec and XXX ops/sec)
wrote 1234/1234 bytes at offset 9872000
XXX Bytes, X ops; XX:XX:XX.X (XXX YYY/sec and XXX ops/sec)
wrote 1234/1234 bytes at offset 9995400
XXX Bytes, X ops; XX:XX:XX.X (XXX YYY/sec and XXX ops/sec)
wrote 1234/1234 bytes at offset 10118800
XXX Bytes, X ops; XX:XX:XX.X (XXX YYY/sec and XXX ops/sec)
wrote 1234/1234 bytes at offset 10242200
XXX Bytes, X ops; XX:XX:XX.X (XXX YYY/sec and XXX ops/sec)
wrote 1234/1234 bytes at offset 10365600
XXX Bytes, X ops; XX:XX:XX.X (XXX YYY/sec and XXX ops/sec)
wrote 1234/1234 bytes at offset 10489000
XXX Bytes, X ops; XX:XX:XX.X (XXX YYY/sec and XXX ops/sec)
wrote 1234/1234 bytes at offset 10612400
XXX Bytes, X ops; XX:XX:XX.X (XXX YYY/sec and XXX ops/sec)
wrote 1234/1234 bytes at offset 10735800
XXX Bytes, X ops; XX:XX:XX.X (XXX YYY/sec and XXX ops/sec)
wrote 1234/1234 bytes at offset 10859200
XXX Bytes, X ops; XX:XX:XX.X (XXX YYY/sec and XXX ops/sec)
wrote 1234/1234 bytes at offset 10982600
XXX Bytes, X ops; XX:XX:XX.X (XXX YYY/sec and XXX ops/sec)
wrote 1234/1234 bytes at offset 11106000
XXX Bytes, X ops; XX:XX:XX.X (XXX YYY/sec and XXX ops/sec)
wrote 1234/1234 bytes at offset 11229400
XXX Bytes, X ops; XX:XX:XX.X (XXX YYY/sec and XXX ops/sec)
wrote 1234/1234 bytes at offset 11352800
XXX Bytes, X ops; XX:XX:XX.X (XXX YYY/sec and XXX ops/sec)
wrote 1234/1234 bytes at offset 11476200
XXX Bytes, X ops; XX:XX:XX.X (XXX YYY/sec and XXX ops/sec)
wrote 1234/1234 bytes at offset 11599600
XXX Bytes, X ops; XX:XX:XX.X (XXX YYY/sec and XXX ops/sec)
wrote 1234/1234 bytes at offset 11723000
XXX Bytes, X ops; XX:XX:XX.X (XXX YYY/sec and XXX ops/sec)
wrote 1234/1234 bytes at offset 11846400
XXX Bytes, X ops; XX:XX:XX.X (XXX YYY/sec and XXX ops/sec)
wrote 1234/1234 bytes at offset 11969800
XXX Bytes, X ops; XX:XX:XX.X (XXX YYY/sec and XXX ops/sec)
wrote 1234/1234 bytes at offset 12093200
XXX Bytes, X ops; XX:XX:XX.X (XXX YYY/sec and XXX ops/sec)
wrote 1234/1234 bytes at offset 12216600
XXX Bytes, X ops; XX:XX:XX.X (XXX YYY/sec and XXX ops/sec)
wrote 1234/1234 bytes at offset 12340000
XXX Bytes, X ops; XX:XX:XX.X (XXX YYY/sec and XXX ops/sec)
wrote 1234/1234 bytes at offset 12463400
XXX Bytes, X ops; XX:XX:XX.X (XXX YYY/sec and XXX ops/sec)
wrote 1234/1234 bytes at offset 12586800
XXX Bytes, X ops; XX:XX:XX.X (XXX YYY/sec and XXX ops/sec)
wrote 1234/1234 bytes at offset 12710200
XXX Bytes, X ops; XX:XX:XX.X (XXX YYY/sec and XXX ops/sec)
wrote 1234/1234 bytes at offset 12833600
XXX Bytes, X ops; XX:XX:XX.X (XXX YYY/sec and XXX ops/sec)
wrote 1234/1234 bytes at offset 12957000
XXX Bytes, X ops; XX:XX:XX.X (XXX YYY/sec and XXX ops/sec)
wrote 1234/1234 bytes at offset 13080400
XXX Bytes, X ops; XX:XX:XX.X (XXX YYY/sec and XXX ops/sec)
wrote 1234/1234 bytes at offset 13203800
XXX Bytes, X ops; XX:XX:XX.X (XXX YYY/sec and XXX ops/sec)
wrote 1234/1234 bytes at offset 13327200
XXX Bytes, X ops; XX:XX:XX.X (XXX YYY/sec and XXX ops/sec)
wrote 1234/1234 bytes at offset 13450600
XXX Bytes, X ops; XX:XX:XX.X (XXX YYY/sec and XXX ops/sec)
wrote 1234/1234 bytes at offset 13574000
XXX Bytes, X ops; XX:XX:XX.X (XXX YYY/sec and XXX ops/sec)
wrote 1234/1234 bytes at offset 13697400
XXX Bytes, X ops; XX:XX:XX.X (XXX YYY/sec and XXX ops/sec)
wrote 1234/1234 bytes at offset 13820800
XXX Bytes, X ops; XX:XX:XX.X (XXX YYY/sec and XXX ops/sec)
wrote 1234/1234 bytes at offset 13944200
XXX Bytes, X ops; XX:XX:XX.X (XXX YYY/sec and XXX ops/sec)
wrote 1234/1234 bytes at offset 14067600
XXX Bytes, X ops; XX:XX:XX.X (XXX YYY/sec and XXX ops/sec)
wrote 1234/1234 bytes at offset 14191000
XXX Bytes, X ops; XX:XX:XX.X (XXX YYY/sec and XXX ops/sec)
wrote 1234/1234 bytes at offset 14314400
XXX Bytes, X ops; XX:XX:XX.X (XXX YYY/sec and XXX ops/sec)
wrote 1234/1234 bytes at offset 14437800
XXX Bytes, X ops; XX:XX:XX.X (XXX YYY/sec and XXX ops/sec)
wrote 1234/1234 bytes at offset 14561200
XXX Bytes, X ops; XX:XX:XX.X (XXX YYY/sec and XXX ops/sec)
wrote 1234/1234 bytes at offset 14684600
XXX Bytes, X ops; XX:XX:XX.X (XXX YYY/sec and XXX ops/sec)
wrote 1234/1234 bytes at offset 14808000
XXX Bytes, X ops; XX:XX:XX.X (XXX YYY/sec and XXX ops/sec)
wrote 1234/1234 bytes at offset 14931400
XXX Bytes, X ops; XX:XX:XX.X (XXX YYY/sec and XXX ops/sec)
wrote 1234/1234 bytes at offset 15054800
XXX Bytes, X ops; XX:XX:XX.X (XXX YYY/sec and XXX ops/sec)
wrote 1234/1234 bytes at offset 15178200
XXX Bytes, X ops; XX:XX:XX.X (XXX YYY/sec and XXX ops/sec)
wrote 1234/1234 bytes at offset 15301600
XXX Bytes, X ops; XX:XX:XX.X (XXX YYY/sec and XXX ops/sec)
wrote 1234/1234 bytes at offset 15425000
XXX Bytes, X ops; XX:XX:XX.X (XXX YYY/sec and XXX ops/sec)
wrote 1234/1234 bytes at offset 15548400
XXX Bytes, X ops; XX:XX:XX.X (XXX YYY/sec and XXX ops/sec)
wrote 1234/1234 bytes at offset 15671800
XXX Bytes, X ops; XX:XX:XX.X (XXX YYY/sec and XXX ops/sec)
wrote 1234/1234 bytes at offset 15795200
XXX Bytes, X ops; XX:XX:XX.X (XXX YYY/sec and XXX ops/sec)
wrote 1234/1234 bytes at offset 15918600
XXX Bytes, X ops; XX:XX:XX.X (XXX YYY/sec and XXX ops/sec)
wrote 1234/1234 bytes at offset 16042000
XXX Bytes, X ops; XX:XX:XX.X (XXX YYY/sec and XXX ops/sec)
wrote 1234/1234 bytes at offset 16165400
XXX Bytes, X ops; XX:XX:XX.X (XXX YYY/sec and XXX ops/sec)
wrote 1234/1234 bytes at offset 16288800
XXX Bytes, X ops; XX:XX:XX.X (XXX YYY/sec and XXX ops/sec)
wrote 1234/1234 bytes at offset 16412200
XXX Bytes, X ops; XX:XX:XX.X (XXX YYY/sec and XXX ops/sec)
wrote 1234/1234 bytes at offset 16535600
XXX Bytes, X ops; XX:XX:XX.X (XXX YYY/sec and XXX ops/sec)
wrote 1234/1234 bytes at offset 16659000
XXX Bytes, X ops; XX:XX:XX.X (XXX YYY/sec and XXX ops/sec)
wrote 1234/1234 bytes at offset 16782400
XXX Bytes, X ops; XX:XX:XX.X (XXX YYY/sec and XXX ops/sec)
wrote 1234/1234 bytes at offset 16905800
XXX Bytes, X ops; XX:XX:XX.X (XXX YYY/sec and XXX ops/sec)
wrote 1234/1234 bytes at offset 17029200
XXX Bytes, X ops; XX:XX:XX.X (XXX YYY/sec and XXX ops/sec)
wrote 1234/1234 bytes at offset 17152600
XXX Bytes, X ops; XX:XX:XX.X (XXX YYY/sec and XXX ops/sec)
wrote 1234/1234 bytes at offset 17276000
XXX Bytes, X ops; XX:XX:XX.X (XXX YYY/sec and XXX ops/sec)
wrote 1234/1234 bytes at offset 17399400
XXX Bytes, X ops; XX:XX:XX.X (XXX YYY/sec and XXX ops/sec)
wrote 1234/1234 bytes at offset 17522800
XXX Bytes, X ops; XX:XX:XX.X (XXX YYY/sec and XXX ops/sec)
wrote 1234/1234 bytes at offset 17646200
XXX Bytes, X ops; XX:XX:XX.X (XXX YYY/sec and XXX ops/sec)
wrote 1234/1234 bytes at offset 17769600
XXX Bytes, X ops; XX:XX:XX.X (XXX YYY/sec and XXX ops/sec)
wrote 1234/1234 bytes at offset 17893000
XXX Bytes, X ops; XX:XX:XX.X (XXX YYY/sec and XXX ops/sec)
wrote 1234/1234 bytes at offset 18016400
XXX Bytes, X ops; XX:XX:XX.X (XXX YYY/sec and XXX ops/sec)
wrote 1234/1234 bytes at offset 18139800
XXX Bytes, X ops; XX:XX:XX.X (XXX YYY/sec and XXX ops/sec)
wrote 1234/1234 bytes at offset 18263200
XXX Bytes, X ops; XX:XX:XX.X (XXX YYY/sec and XXX ops/sec)
wrote 1234/1234 bytes at offset 18386600
XXX Bytes, X ops; XX:XX:XX.X (XXX YYY/sec and XXX ops/sec)
wrote 1234/1234 bytes at offset 18510000
XXX Bytes, X ops; XX:XX:XX.X (XXX YYY/sec and XXX ops/sec)
wrote 1234/1234 bytes at offset 18633400
XXX Bytes, X ops; XX:XX:XX.X (XXX YYY/sec and XXX ops/sec)
wrote 1234/1234 bytes at offset 18756800
XXX Bytes, X ops; XX:XX:XX.X (XXX YYY/sec and XXX ops/sec)
wrote 1234/1234 bytes at offset 18880200
XXX Bytes, X ops; XX:XX:XX.X (XXX YYY/sec and XXX ops/sec)
wrote 1234/1234 bytes at offset 19003600
XXX Bytes, X ops; XX:XX:XX.X (XXX YYY/sec and XXX ops/sec)
wrote 1234/1234 bytes at offset 19127000
XXX Bytes, X ops; XX:XX:XX.X (XXX YYY/sec and XXX ops/sec)
wrote 1234/1234 bytes at offset 19250400
XXX Bytes, X ops; XX:XX:XX.X (XXX YYY/sec and XXX ops/sec)
wrote 1234/1234 bytes at offset 19373800
XXX Bytes, X ops; XX:XX:XX.X (XXX YYY/sec and XXX ops/sec)
wrote 1234/1234 bytes at offset 19497200
XXX Bytes, X ops; XX:XX:XX.X (XXX YYY/sec and XXX ops/sec)
wrote 1234/1234 bytes at offset 19620600
XXX Bytes, X ops; XX:XX:XX.X (XXX YYY/sec and XXX ops/sec)
50f924a5dc9b03609a4577f9f961414b  SCRATCH_MNT/test.10
aff33ee70cfca814d5afc93c589a991d  SCRATCH_MNT/test.160
6f9881a10aa775535623786328412d3d  SCRATCH_MNT/test.20
f968580511a76bdf4ac521291a901ba0  SCRATCH_MNT/test.40
96a65e624734a046b2fd52448f71074d  SCRATCH_MNT/test.80
Perform compacting
50f924a5dc9b03609a4577f9f961414b  SCRATCH_MNT/test.10
aff33ee70cfca814d5afc93c589a991d  SCRATCH_MNT/test.160
6f9881a10aa775535623786328412d3d  SCRATCH_MNT/test.20
f968580511a76bdf4ac521291a901ba0  SCRATCH_MNT/test.40
96a65e624734a046b2fd52448f71074d  SCRATCH_MNT/test.80
Perform compacting, second pass
50f924a5dc9b03609a4577f9f961414b  SCRATCH_MNT/test.10
aff33ee70cfca814d5afc93c589a991d  SCRATCH_MNT/test.160
6f9881a10aa775535623786328412d3d  SCRATCH_MNT/test.20
f968580511a76bdf4ac521291a901ba0  SCRATCH_MNT/test.40
96a65e624734a046b2fd52448f71074d  SCRATCH_MNT/test.80
