QA output created by 070
Phase 1 - find and verify superblock...
Phase 2 - using <TYPEOF> log
        - zero log...
        - scan filesystem freespace and inode maps...
bad magic number
bad on-disk superblock AGNO - bad magic number
primary/secondary superblock AGNO conflict - AG superblock geometry info conflicts with filesystem geometry
zeroing unused portion of secondary superblock (AG #AGNO)
reset bad sb for ag AGNO
        - found root inode chunk
Phase 3 - for each AG...
        - scan and clear agi unlinked lists...
        - process known inodes and perform inode discovery...
        - process newly discovered inodes...
Phase 4 - check for duplicate blocks...
        - setting up duplicate extent list...
        - check for inodes claiming duplicate blocks...
Phase 5 - rebuild AG headers and trees...
        - reset superblock...
Phase 6 - check inode connectivity...
        - resetting contents of realtime bitmap and summary inodes
        - traversing filesystem ...
        - traversal finished ...
        - moving disconnected inodes to lost+found ...
Phase 7 - verify and correct link counts...
done
