QA output created by 102
+ create scratch fs
+ mount fs image
+ make some files
+ check fs
+ check dir
+ corrupt dir
+ mount image
+ modify dir
+ repair fs
+ mount image (2)
+ chattr -R -i
+ modify dir (2)
+ check fs (2)
