QA output created by 137
mount failure detected
repair failure detected
