QA output created by 191-input-validation
silence is golden
