QA output created by 235
+ create scratch fs
+ mount fs image
+ make some files
+ check fs
+ corrupt image
+ mount image
+ copy more
+ repair fs
+ mount image (2)
+ chattr -R -i
+ copy more (2)
+ check fs (2)
