QA output created by 260
=== user quota test ===
user blocks and inode limit
root 0 20480 20480 00 [--------] 3 20 20 00 [--------]
fsgqa 0 40960 40960 00 [--------] 0 40 40 00 [--------]

wrote 31457280/31457280 bytes at offset 0
XXX Bytes, X ops; XX:XX:XX.X (XXX YYY/sec and XXX ops/sec)
user blocks quota after write 30M data
root 0 20480 20480 00 [--------]
fsgqa 30720 40960 40960 00 [--------]

user inode quota after create 300 inodes
root 3 20 20 00 [--------]
fsgqa 30 40 40 00 [--------]

=== group quota test ===
group blocks and inode limit
root 0 20480 20480 00 [--------] 3 20 20 00 [--------]
fsgqa 0 40960 40960 00 [--------] 0 40 40 00 [--------]

wrote 31457280/31457280 bytes at offset 0
XXX Bytes, X ops; XX:XX:XX.X (XXX YYY/sec and XXX ops/sec)
group blocks quota after write 30M data
root 0 20480 20480 00 [--------]
fsgqa 30720 40960 40960 00 [--------]

group inode quota after create 300 inodes
root 3 20 20 00 [--------]
fsgqa 30 40 40 00 [--------]

