QA output created by 269
Format and mount
Stuff file with xattrs
Run test program
Test passes.
