QA output created by 292
mkfs.xfs without geometry
ddev=FILENAME
agcount=4
agsize=16777216
mkfs.xfs with cmdline geometry
ddev=FILENAME
agcount=16
agsize=4194304
