QA output created by 319
Format filesystem
Create files
Check files
2a4f043bf9730a9e8882c9264b9797b3  SCRATCH_MNT/file1
2a4f043bf9730a9e8882c9264b9797b3  SCRATCH_MNT/file2
4155b81ac6d45c0182fa2bc03960f230  SCRATCH_MNT/file3
Inject error
Try to reflink
XFS_IOC_CLONE_RANGE: Input/output error
FS should be shut down, touch will fail
touch: cannot touch 'SCRATCH_MNT/badfs': Input/output error
Remount to replay log
Check files
2a4f043bf9730a9e8882c9264b9797b3  SCRATCH_MNT/file1
2a4f043bf9730a9e8882c9264b9797b3  SCRATCH_MNT/file2
2a4f043bf9730a9e8882c9264b9797b3  SCRATCH_MNT/file3
FS should be online, touch should succeed
Done
