QA output created by 052
Testing with a cow file (default)
Blocks modified: [0 - 1]
Blocks modified: [2 - 3]
Blocks modified: [4 - 5]
Blocks modified: [6 - 7]
Blocks modified: [8 - 23]
0 01 01 01 01 01 01 01 01 01 01 01 01 01 01 01 01
*
2 02 02 02 02 02 02 02 02 02 02 02 02 02 02 02 02
*
4 03 03 03 03 03 03 03 03 03 03 03 03 03 03 03 03
*
6 04 04 04 04 04 04 04 04 04 04 04 04 04 04 04 04
*
10 05 05 05 05 05 05 05 05 05 05 05 05 05 05 05 05
*
30
clone failed: Invalid argument
0 01 01 01 01 01 01 01 01 01 01 01 01 01 01 01 01
*
2 02 02 02 02 02 02 02 02 02 02 02 02 02 02 02 02
*
4 03 03 03 03 03 03 03 03 03 03 03 03 03 03 03 03
*
6 04 04 04 04 04 04 04 04 04 04 04 04 04 04 04 04
*
10 05 05 05 05 05 05 05 05 05 05 05 05 05 05 05 05
*
30
clone failed: Invalid argument
0 01 01 01 01 01 01 01 01 01 01 01 01 01 01 01 01
*
2 02 02 02 02 02 02 02 02 02 02 02 02 02 02 02 02
*
4 03 03 03 03 03 03 03 03 03 03 03 03 03 03 03 03
*
6 04 04 04 04 04 04 04 04 04 04 04 04 04 04 04 04
*
10 05 05 05 05 05 05 05 05 05 05 05 05 05 05 05 05
*
30
0 04 04 04 04 04 04 04 04 04 04 04 04 04 04 04 04
*
2 02 02 02 02 02 02 02 02 02 02 02 02 02 02 02 02
*
4 03 03 03 03 03 03 03 03 03 03 03 03 03 03 03 03
*
6 04 04 04 04 04 04 04 04 04 04 04 04 04 04 04 04
*
10 05 05 05 05 05 05 05 05 05 05 05 05 05 05 05 05
*
30
0 04 04 04 04 04 04 04 04 04 04 04 04 04 04 04 04
*
2 02 02 02 02 02 02 02 02 02 02 02 02 02 02 02 02
*
6 04 04 04 04 04 04 04 04 04 04 04 04 04 04 04 04
*
10 05 05 05 05 05 05 05 05 05 05 05 05 05 05 05 05
*
30
0 04 04 04 04 04 04 04 04 04 04 04 04 04 04 04 04
*
2 02 02 02 02 02 02 02 02 02 02 02 02 02 02 02 02
*
6 04 04 04 04 04 04 04 04 04 04 04 04 04 04 04 04
*
10 05 05 05 05 05 05 05 05 05 05 05 05 05 05 05 05
*
20 02 02 02 02 02 02 02 02 02 02 02 02 02 02 02 02
*
21 04 04 04 04 04 04 04 04 04 04 04 04 04 04 04 04
*
23 05 05 05 05 05 05 05 05 05 05 05 05 05 05 05 05
*
30
Blocks modified: [0 - 1]
0 ff ff ff ff ff ff ff ff ff ff ff ff ff ff ff ff
*
2 02 02 02 02 02 02 02 02 02 02 02 02 02 02 02 02
*
6 04 04 04 04 04 04 04 04 04 04 04 04 04 04 04 04
*
10 05 05 05 05 05 05 05 05 05 05 05 05 05 05 05 05
*
20 02 02 02 02 02 02 02 02 02 02 02 02 02 02 02 02
*
21 04 04 04 04 04 04 04 04 04 04 04 04 04 04 04 04
*
23 05 05 05 05 05 05 05 05 05 05 05 05 05 05 05 05
*
30
0 ff ff ff ff ff ff ff ff ff ff ff ff ff ff ff ff
*
2 02 02 02 02 02 02 02 02 02 02 02 02 02 02 02 02
*
6 04 04 04 04 04 04 04 04 04 04 04 04 04 04 04 04
*
10 05 05 05 05 05 05 05 05 05 05 05 05 05 05 05 05
*
20 02 02 02 02 02 02 02 02 02 02 02 02 02 02 02 02
*
21 04 04 04 04 04 04 04 04 04 04 04 04 04 04 04 04
*
23 05 05 05 05 05 05 05 05 05 05 05 05 05 05 05 05
*
30
Testing with a nocow file (-O nodatacow)
Blocks modified: [0 - 1]
Blocks modified: [2 - 3]
Blocks modified: [4 - 5]
Blocks modified: [6 - 7]
Blocks modified: [8 - 23]
0 01 01 01 01 01 01 01 01 01 01 01 01 01 01 01 01
*
2 02 02 02 02 02 02 02 02 02 02 02 02 02 02 02 02
*
4 03 03 03 03 03 03 03 03 03 03 03 03 03 03 03 03
*
6 04 04 04 04 04 04 04 04 04 04 04 04 04 04 04 04
*
10 05 05 05 05 05 05 05 05 05 05 05 05 05 05 05 05
*
30
clone failed: Invalid argument
0 01 01 01 01 01 01 01 01 01 01 01 01 01 01 01 01
*
2 02 02 02 02 02 02 02 02 02 02 02 02 02 02 02 02
*
4 03 03 03 03 03 03 03 03 03 03 03 03 03 03 03 03
*
6 04 04 04 04 04 04 04 04 04 04 04 04 04 04 04 04
*
10 05 05 05 05 05 05 05 05 05 05 05 05 05 05 05 05
*
30
clone failed: Invalid argument
0 01 01 01 01 01 01 01 01 01 01 01 01 01 01 01 01
*
2 02 02 02 02 02 02 02 02 02 02 02 02 02 02 02 02
*
4 03 03 03 03 03 03 03 03 03 03 03 03 03 03 03 03
*
6 04 04 04 04 04 04 04 04 04 04 04 04 04 04 04 04
*
10 05 05 05 05 05 05 05 05 05 05 05 05 05 05 05 05
*
30
0 04 04 04 04 04 04 04 04 04 04 04 04 04 04 04 04
*
2 02 02 02 02 02 02 02 02 02 02 02 02 02 02 02 02
*
4 03 03 03 03 03 03 03 03 03 03 03 03 03 03 03 03
*
6 04 04 04 04 04 04 04 04 04 04 04 04 04 04 04 04
*
10 05 05 05 05 05 05 05 05 05 05 05 05 05 05 05 05
*
30
0 04 04 04 04 04 04 04 04 04 04 04 04 04 04 04 04
*
2 02 02 02 02 02 02 02 02 02 02 02 02 02 02 02 02
*
6 04 04 04 04 04 04 04 04 04 04 04 04 04 04 04 04
*
10 05 05 05 05 05 05 05 05 05 05 05 05 05 05 05 05
*
30
0 04 04 04 04 04 04 04 04 04 04 04 04 04 04 04 04
*
2 02 02 02 02 02 02 02 02 02 02 02 02 02 02 02 02
*
6 04 04 04 04 04 04 04 04 04 04 04 04 04 04 04 04
*
10 05 05 05 05 05 05 05 05 05 05 05 05 05 05 05 05
*
20 02 02 02 02 02 02 02 02 02 02 02 02 02 02 02 02
*
21 04 04 04 04 04 04 04 04 04 04 04 04 04 04 04 04
*
23 05 05 05 05 05 05 05 05 05 05 05 05 05 05 05 05
*
30
Blocks modified: [0 - 1]
0 ff ff ff ff ff ff ff ff ff ff ff ff ff ff ff ff
*
2 02 02 02 02 02 02 02 02 02 02 02 02 02 02 02 02
*
6 04 04 04 04 04 04 04 04 04 04 04 04 04 04 04 04
*
10 05 05 05 05 05 05 05 05 05 05 05 05 05 05 05 05
*
20 02 02 02 02 02 02 02 02 02 02 02 02 02 02 02 02
*
21 04 04 04 04 04 04 04 04 04 04 04 04 04 04 04 04
*
23 05 05 05 05 05 05 05 05 05 05 05 05 05 05 05 05
*
30
0 ff ff ff ff ff ff ff ff ff ff ff ff ff ff ff ff
*
2 02 02 02 02 02 02 02 02 02 02 02 02 02 02 02 02
*
6 04 04 04 04 04 04 04 04 04 04 04 04 04 04 04 04
*
10 05 05 05 05 05 05 05 05 05 05 05 05 05 05 05 05
*
20 02 02 02 02 02 02 02 02 02 02 02 02 02 02 02 02
*
21 04 04 04 04 04 04 04 04 04 04 04 04 04 04 04 04
*
23 05 05 05 05 05 05 05 05 05 05 05 05 05 05 05 05
*
30
Testing with a cow file and lzo compression
Blocks modified: [0 - 1]
Blocks modified: [2 - 3]
Blocks modified: [4 - 5]
Blocks modified: [6 - 7]
Blocks modified: [8 - 23]
0 01 01 01 01 01 01 01 01 01 01 01 01 01 01 01 01
*
2 02 02 02 02 02 02 02 02 02 02 02 02 02 02 02 02
*
4 03 03 03 03 03 03 03 03 03 03 03 03 03 03 03 03
*
6 04 04 04 04 04 04 04 04 04 04 04 04 04 04 04 04
*
10 05 05 05 05 05 05 05 05 05 05 05 05 05 05 05 05
*
30
clone failed: Invalid argument
0 01 01 01 01 01 01 01 01 01 01 01 01 01 01 01 01
*
2 02 02 02 02 02 02 02 02 02 02 02 02 02 02 02 02
*
4 03 03 03 03 03 03 03 03 03 03 03 03 03 03 03 03
*
6 04 04 04 04 04 04 04 04 04 04 04 04 04 04 04 04
*
10 05 05 05 05 05 05 05 05 05 05 05 05 05 05 05 05
*
30
clone failed: Invalid argument
0 01 01 01 01 01 01 01 01 01 01 01 01 01 01 01 01
*
2 02 02 02 02 02 02 02 02 02 02 02 02 02 02 02 02
*
4 03 03 03 03 03 03 03 03 03 03 03 03 03 03 03 03
*
6 04 04 04 04 04 04 04 04 04 04 04 04 04 04 04 04
*
10 05 05 05 05 05 05 05 05 05 05 05 05 05 05 05 05
*
30
0 04 04 04 04 04 04 04 04 04 04 04 04 04 04 04 04
*
2 02 02 02 02 02 02 02 02 02 02 02 02 02 02 02 02
*
4 03 03 03 03 03 03 03 03 03 03 03 03 03 03 03 03
*
6 04 04 04 04 04 04 04 04 04 04 04 04 04 04 04 04
*
10 05 05 05 05 05 05 05 05 05 05 05 05 05 05 05 05
*
30
0 04 04 04 04 04 04 04 04 04 04 04 04 04 04 04 04
*
2 02 02 02 02 02 02 02 02 02 02 02 02 02 02 02 02
*
6 04 04 04 04 04 04 04 04 04 04 04 04 04 04 04 04
*
10 05 05 05 05 05 05 05 05 05 05 05 05 05 05 05 05
*
30
0 04 04 04 04 04 04 04 04 04 04 04 04 04 04 04 04
*
2 02 02 02 02 02 02 02 02 02 02 02 02 02 02 02 02
*
6 04 04 04 04 04 04 04 04 04 04 04 04 04 04 04 04
*
10 05 05 05 05 05 05 05 05 05 05 05 05 05 05 05 05
*
20 02 02 02 02 02 02 02 02 02 02 02 02 02 02 02 02
*
21 04 04 04 04 04 04 04 04 04 04 04 04 04 04 04 04
*
23 05 05 05 05 05 05 05 05 05 05 05 05 05 05 05 05
*
30
Blocks modified: [0 - 1]
0 ff ff ff ff ff ff ff ff ff ff ff ff ff ff ff ff
*
2 02 02 02 02 02 02 02 02 02 02 02 02 02 02 02 02
*
6 04 04 04 04 04 04 04 04 04 04 04 04 04 04 04 04
*
10 05 05 05 05 05 05 05 05 05 05 05 05 05 05 05 05
*
20 02 02 02 02 02 02 02 02 02 02 02 02 02 02 02 02
*
21 04 04 04 04 04 04 04 04 04 04 04 04 04 04 04 04
*
23 05 05 05 05 05 05 05 05 05 05 05 05 05 05 05 05
*
30
0 ff ff ff ff ff ff ff ff ff ff ff ff ff ff ff ff
*
2 02 02 02 02 02 02 02 02 02 02 02 02 02 02 02 02
*
6 04 04 04 04 04 04 04 04 04 04 04 04 04 04 04 04
*
10 05 05 05 05 05 05 05 05 05 05 05 05 05 05 05 05
*
20 02 02 02 02 02 02 02 02 02 02 02 02 02 02 02 02
*
21 04 04 04 04 04 04 04 04 04 04 04 04 04 04 04 04
*
23 05 05 05 05 05 05 05 05 05 05 05 05 05 05 05 05
*
30
Testing with a cow file and zlib compression
Blocks modified: [0 - 1]
Blocks modified: [2 - 3]
Blocks modified: [4 - 5]
Blocks modified: [6 - 7]
Blocks modified: [8 - 23]
0 01 01 01 01 01 01 01 01 01 01 01 01 01 01 01 01
*
2 02 02 02 02 02 02 02 02 02 02 02 02 02 02 02 02
*
4 03 03 03 03 03 03 03 03 03 03 03 03 03 03 03 03
*
6 04 04 04 04 04 04 04 04 04 04 04 04 04 04 04 04
*
10 05 05 05 05 05 05 05 05 05 05 05 05 05 05 05 05
*
30
clone failed: Invalid argument
0 01 01 01 01 01 01 01 01 01 01 01 01 01 01 01 01
*
2 02 02 02 02 02 02 02 02 02 02 02 02 02 02 02 02
*
4 03 03 03 03 03 03 03 03 03 03 03 03 03 03 03 03
*
6 04 04 04 04 04 04 04 04 04 04 04 04 04 04 04 04
*
10 05 05 05 05 05 05 05 05 05 05 05 05 05 05 05 05
*
30
clone failed: Invalid argument
0 01 01 01 01 01 01 01 01 01 01 01 01 01 01 01 01
*
2 02 02 02 02 02 02 02 02 02 02 02 02 02 02 02 02
*
4 03 03 03 03 03 03 03 03 03 03 03 03 03 03 03 03
*
6 04 04 04 04 04 04 04 04 04 04 04 04 04 04 04 04
*
10 05 05 05 05 05 05 05 05 05 05 05 05 05 05 05 05
*
30
0 04 04 04 04 04 04 04 04 04 04 04 04 04 04 04 04
*
2 02 02 02 02 02 02 02 02 02 02 02 02 02 02 02 02
*
4 03 03 03 03 03 03 03 03 03 03 03 03 03 03 03 03
*
6 04 04 04 04 04 04 04 04 04 04 04 04 04 04 04 04
*
10 05 05 05 05 05 05 05 05 05 05 05 05 05 05 05 05
*
30
0 04 04 04 04 04 04 04 04 04 04 04 04 04 04 04 04
*
2 02 02 02 02 02 02 02 02 02 02 02 02 02 02 02 02
*
6 04 04 04 04 04 04 04 04 04 04 04 04 04 04 04 04
*
10 05 05 05 05 05 05 05 05 05 05 05 05 05 05 05 05
*
30
0 04 04 04 04 04 04 04 04 04 04 04 04 04 04 04 04
*
2 02 02 02 02 02 02 02 02 02 02 02 02 02 02 02 02
*
6 04 04 04 04 04 04 04 04 04 04 04 04 04 04 04 04
*
10 05 05 05 05 05 05 05 05 05 05 05 05 05 05 05 05
*
20 02 02 02 02 02 02 02 02 02 02 02 02 02 02 02 02
*
21 04 04 04 04 04 04 04 04 04 04 04 04 04 04 04 04
*
23 05 05 05 05 05 05 05 05 05 05 05 05 05 05 05 05
*
30
Blocks modified: [0 - 1]
0 ff ff ff ff ff ff ff ff ff ff ff ff ff ff ff ff
*
2 02 02 02 02 02 02 02 02 02 02 02 02 02 02 02 02
*
6 04 04 04 04 04 04 04 04 04 04 04 04 04 04 04 04
*
10 05 05 05 05 05 05 05 05 05 05 05 05 05 05 05 05
*
20 02 02 02 02 02 02 02 02 02 02 02 02 02 02 02 02
*
21 04 04 04 04 04 04 04 04 04 04 04 04 04 04 04 04
*
23 05 05 05 05 05 05 05 05 05 05 05 05 05 05 05 05
*
30
0 ff ff ff ff ff ff ff ff ff ff ff ff ff ff ff ff
*
2 02 02 02 02 02 02 02 02 02 02 02 02 02 02 02 02
*
6 04 04 04 04 04 04 04 04 04 04 04 04 04 04 04 04
*
10 05 05 05 05 05 05 05 05 05 05 05 05 05 05 05 05
*
20 02 02 02 02 02 02 02 02 02 02 02 02 02 02 02 02
*
21 04 04 04 04 04 04 04 04 04 04 04 04 04 04 04 04
*
23 05 05 05 05 05 05 05 05 05 05 05 05 05 05 05 05
*
30
Testing with a nocow file and lzo compression
Blocks modified: [0 - 1]
Blocks modified: [2 - 3]
Blocks modified: [4 - 5]
Blocks modified: [6 - 7]
Blocks modified: [8 - 23]
0 01 01 01 01 01 01 01 01 01 01 01 01 01 01 01 01
*
2 02 02 02 02 02 02 02 02 02 02 02 02 02 02 02 02
*
4 03 03 03 03 03 03 03 03 03 03 03 03 03 03 03 03
*
6 04 04 04 04 04 04 04 04 04 04 04 04 04 04 04 04
*
10 05 05 05 05 05 05 05 05 05 05 05 05 05 05 05 05
*
30
clone failed: Invalid argument
0 01 01 01 01 01 01 01 01 01 01 01 01 01 01 01 01
*
2 02 02 02 02 02 02 02 02 02 02 02 02 02 02 02 02
*
4 03 03 03 03 03 03 03 03 03 03 03 03 03 03 03 03
*
6 04 04 04 04 04 04 04 04 04 04 04 04 04 04 04 04
*
10 05 05 05 05 05 05 05 05 05 05 05 05 05 05 05 05
*
30
clone failed: Invalid argument
0 01 01 01 01 01 01 01 01 01 01 01 01 01 01 01 01
*
2 02 02 02 02 02 02 02 02 02 02 02 02 02 02 02 02
*
4 03 03 03 03 03 03 03 03 03 03 03 03 03 03 03 03
*
6 04 04 04 04 04 04 04 04 04 04 04 04 04 04 04 04
*
10 05 05 05 05 05 05 05 05 05 05 05 05 05 05 05 05
*
30
0 04 04 04 04 04 04 04 04 04 04 04 04 04 04 04 04
*
2 02 02 02 02 02 02 02 02 02 02 02 02 02 02 02 02
*
4 03 03 03 03 03 03 03 03 03 03 03 03 03 03 03 03
*
6 04 04 04 04 04 04 04 04 04 04 04 04 04 04 04 04
*
10 05 05 05 05 05 05 05 05 05 05 05 05 05 05 05 05
*
30
0 04 04 04 04 04 04 04 04 04 04 04 04 04 04 04 04
*
2 02 02 02 02 02 02 02 02 02 02 02 02 02 02 02 02
*
6 04 04 04 04 04 04 04 04 04 04 04 04 04 04 04 04
*
10 05 05 05 05 05 05 05 05 05 05 05 05 05 05 05 05
*
30
0 04 04 04 04 04 04 04 04 04 04 04 04 04 04 04 04
*
2 02 02 02 02 02 02 02 02 02 02 02 02 02 02 02 02
*
6 04 04 04 04 04 04 04 04 04 04 04 04 04 04 04 04
*
10 05 05 05 05 05 05 05 05 05 05 05 05 05 05 05 05
*
20 02 02 02 02 02 02 02 02 02 02 02 02 02 02 02 02
*
21 04 04 04 04 04 04 04 04 04 04 04 04 04 04 04 04
*
23 05 05 05 05 05 05 05 05 05 05 05 05 05 05 05 05
*
30
Blocks modified: [0 - 1]
0 ff ff ff ff ff ff ff ff ff ff ff ff ff ff ff ff
*
2 02 02 02 02 02 02 02 02 02 02 02 02 02 02 02 02
*
6 04 04 04 04 04 04 04 04 04 04 04 04 04 04 04 04
*
10 05 05 05 05 05 05 05 05 05 05 05 05 05 05 05 05
*
20 02 02 02 02 02 02 02 02 02 02 02 02 02 02 02 02
*
21 04 04 04 04 04 04 04 04 04 04 04 04 04 04 04 04
*
23 05 05 05 05 05 05 05 05 05 05 05 05 05 05 05 05
*
30
0 ff ff ff ff ff ff ff ff ff ff ff ff ff ff ff ff
*
2 02 02 02 02 02 02 02 02 02 02 02 02 02 02 02 02
*
6 04 04 04 04 04 04 04 04 04 04 04 04 04 04 04 04
*
10 05 05 05 05 05 05 05 05 05 05 05 05 05 05 05 05
*
20 02 02 02 02 02 02 02 02 02 02 02 02 02 02 02 02
*
21 04 04 04 04 04 04 04 04 04 04 04 04 04 04 04 04
*
23 05 05 05 05 05 05 05 05 05 05 05 05 05 05 05 05
*
30
Testing with a nocow file and zlib compression
Blocks modified: [0 - 1]
Blocks modified: [2 - 3]
Blocks modified: [4 - 5]
Blocks modified: [6 - 7]
Blocks modified: [8 - 23]
0 01 01 01 01 01 01 01 01 01 01 01 01 01 01 01 01
*
2 02 02 02 02 02 02 02 02 02 02 02 02 02 02 02 02
*
4 03 03 03 03 03 03 03 03 03 03 03 03 03 03 03 03
*
6 04 04 04 04 04 04 04 04 04 04 04 04 04 04 04 04
*
10 05 05 05 05 05 05 05 05 05 05 05 05 05 05 05 05
*
30
clone failed: Invalid argument
0 01 01 01 01 01 01 01 01 01 01 01 01 01 01 01 01
*
2 02 02 02 02 02 02 02 02 02 02 02 02 02 02 02 02
*
4 03 03 03 03 03 03 03 03 03 03 03 03 03 03 03 03
*
6 04 04 04 04 04 04 04 04 04 04 04 04 04 04 04 04
*
10 05 05 05 05 05 05 05 05 05 05 05 05 05 05 05 05
*
30
clone failed: Invalid argument
0 01 01 01 01 01 01 01 01 01 01 01 01 01 01 01 01
*
2 02 02 02 02 02 02 02 02 02 02 02 02 02 02 02 02
*
4 03 03 03 03 03 03 03 03 03 03 03 03 03 03 03 03
*
6 04 04 04 04 04 04 04 04 04 04 04 04 04 04 04 04
*
10 05 05 05 05 05 05 05 05 05 05 05 05 05 05 05 05
*
30
0 04 04 04 04 04 04 04 04 04 04 04 04 04 04 04 04
*
2 02 02 02 02 02 02 02 02 02 02 02 02 02 02 02 02
*
4 03 03 03 03 03 03 03 03 03 03 03 03 03 03 03 03
*
6 04 04 04 04 04 04 04 04 04 04 04 04 04 04 04 04
*
10 05 05 05 05 05 05 05 05 05 05 05 05 05 05 05 05
*
30
0 04 04 04 04 04 04 04 04 04 04 04 04 04 04 04 04
*
2 02 02 02 02 02 02 02 02 02 02 02 02 02 02 02 02
*
6 04 04 04 04 04 04 04 04 04 04 04 04 04 04 04 04
*
10 05 05 05 05 05 05 05 05 05 05 05 05 05 05 05 05
*
30
0 04 04 04 04 04 04 04 04 04 04 04 04 04 04 04 04
*
2 02 02 02 02 02 02 02 02 02 02 02 02 02 02 02 02
*
6 04 04 04 04 04 04 04 04 04 04 04 04 04 04 04 04
*
10 05 05 05 05 05 05 05 05 05 05 05 05 05 05 05 05
*
20 02 02 02 02 02 02 02 02 02 02 02 02 02 02 02 02
*
21 04 04 04 04 04 04 04 04 04 04 04 04 04 04 04 04
*
23 05 05 05 05 05 05 05 05 05 05 05 05 05 05 05 05
*
30
Blocks modified: [0 - 1]
0 ff ff ff ff ff ff ff ff ff ff ff ff ff ff ff ff
*
2 02 02 02 02 02 02 02 02 02 02 02 02 02 02 02 02
*
6 04 04 04 04 04 04 04 04 04 04 04 04 04 04 04 04
*
10 05 05 05 05 05 05 05 05 05 05 05 05 05 05 05 05
*
20 02 02 02 02 02 02 02 02 02 02 02 02 02 02 02 02
*
21 04 04 04 04 04 04 04 04 04 04 04 04 04 04 04 04
*
23 05 05 05 05 05 05 05 05 05 05 05 05 05 05 05 05
*
30
0 ff ff ff ff ff ff ff ff ff ff ff ff ff ff ff ff
*
2 02 02 02 02 02 02 02 02 02 02 02 02 02 02 02 02
*
6 04 04 04 04 04 04 04 04 04 04 04 04 04 04 04 04
*
10 05 05 05 05 05 05 05 05 05 05 05 05 05 05 05 05
*
20 02 02 02 02 02 02 02 02 02 02 02 02 02 02 02 02
*
21 04 04 04 04 04 04 04 04 04 04 04 04 04 04 04 04
*
23 05 05 05 05 05 05 05 05 05 05 05 05 05 05 05 05
*
30
