QA output created by 088
wrote 1048576/1048576 bytes at offset 0
XXX Bytes, X ops; XX:XX:XX.X (XXX YYY/sec and XXX ops/sec)
wrote 1048576/1048576 bytes at offset 524288
XXX Bytes, X ops; XX:XX:XX.X (XXX YYY/sec and XXX ops/sec)
File foo content after transaction abort + remount:
0000000 aa aa aa aa aa aa aa aa aa aa aa aa aa aa aa aa
*
4000000
