QA output created by 109
wrote 102400/102400 bytes at offset 0
XXX Bytes, X ops; XX:XX:XX.X (XXX YYY/sec and XXX ops/sec)
wrote 40960/40960 bytes at offset 0
XXX Bytes, X ops; XX:XX:XX.X (XXX YYY/sec and XXX ops/sec)
wrote 102400/102400 bytes at offset 102400
XXX Bytes, X ops; XX:XX:XX.X (XXX YYY/sec and XXX ops/sec)
File digests in the original filesystem:
253f558dbd25727d7d2fdb77f9ad2590  SCRATCH_MNT/snap/foo
253f558dbd25727d7d2fdb77f9ad2590  SCRATCH_MNT/snap/bar
File digests in the new filesystem:
253f558dbd25727d7d2fdb77f9ad2590  SCRATCH_MNT/snap/foo
253f558dbd25727d7d2fdb77f9ad2590  SCRATCH_MNT/snap/bar
