QA output created by 120
Filesystem contents after the first log replay:
SCRATCH_MNT:
testdir

SCRATCH_MNT/testdir:
Filesystem contents after the second log replay:
SCRATCH_MNT:
testdir

SCRATCH_MNT/testdir:
foobar
