QA output created by 008
fsgqa:fsgqa-regular empty file
fsgqa:fsgqa-directory
