QA output created by 012
rm: cannot remove 'SCRATCH_MNT/test': Stale file handle
